---
source: src/config.rs
expression: render_config_error(&err)
---
sepia::config::invalid

  x invalid Sepia demo config at demo.toml
   ,-[demo.toml:4:1]
 3 | url = "http://localhost:3001"
 4 | click = "button"
   : ^^|^^
   :   `-- unexpected key `click`
   `----
  help: Allowed top-level keys are name, description, url, session, capture, and steps. Step
        actions are wait_ms, eval, fill, scroll, and click. Use at most one per step.
